[fast.com/index.html]
[backblue.gif]
[fade.gif]
[index.html]
[fast.com/app-809f4b.css]
[fast.com/id/index.html]
[fast.com/en/gb/index.html]
[fast.com/da/index.html]
[fast.com/assets/fonts/oc-webfont.min.css]
[fast.com/es/es/index.html]
[fast.com/es/index.html]
[fast.com/de/index.html]
[fast.com/fr/ca/index.html]
[fast.com/assets/favicons/favicon-96x96.png]
[fast.com/fr/index.html]
[fast.com/it/index.html]
[fast.com/assets/favicons/apple-icon-57x57.png]
[fast.com/nb/index.html]
[fast.com/pt/index.html]
[fast.com/nl/index.html]
[fast.com/assets/favicons/apple-icon-60x60.png]
[fast.com/pt/pt/index.html]
[fast.com/pl/index.html]
[fast.com/ro/index.html]
[fast.com/fi/index.html]
[fast.com/assets/favicons/apple-icon-72x72.png]
[fast.com/sv/index.html]
[fast.com/tr/index.html]
[fast.com/assets/favicons/apple-icon-76x76.png]
[fast.com/he/index.html]
[fast.com/el/index.html]
[fast.com/ar/index.html]
[fast.com/th/index.html]
[fast.com/assets/favicons/apple-icon-114x114.png]
[fast.com/zh/cn/index.html]
[fast.com/assets/favicons/apple-icon-120x120.png]
[fast.com/ja/index.html]
[fast.com/zh/tw/index.html]
[fast.com/ko/index.html]
[fast.com/assets/favicons/apple-icon-144x144.png]
[fast.com/assets/favicons/apple-icon-152x152.png]
[fast.com/assets/favicons/apple-icon-180x180.png]
[fast.com/assets/favicons/android-icon-192x192.png]
[fast.com/assets/favicons/favicon-32x32.png]
[fast.com/assets/favicons/favicon-16x16.png]
[fast.com/assets/favicons/favicon.ico]
[fast.com/assets/favicons/manifest.json]
[fast.com/assets/favicons/ms-icon-144x144.png]
[fast.com/share/____share_shot___.html]
[fast.com/assets/share/fb_en_____share_shot___.html]
[fast.com/assets/share/tw_en_____share_shot___.html]
[fast.com/index.html]
[fast.com/app-233b5b.js]
[fast.com/id/share/____share_shot___.html]
[fast.com/assets/share/fb_id_____share_shot___.html]
[fast.com/assets/share/tw_id_____share_shot___.html]
[fast.com/id/index.html]
[fast.com/da/share/____share_shot___.html]
[fast.com/assets/share/fb_da_____share_shot___.html]
[fast.com/assets/share/tw_da_____share_shot___.html]
[fast.com/da/index.html]
[fast.com/de/share/____share_shot___.html]
[fast.com/assets/share/fb_de_____share_shot___.html]
[fast.com/assets/share/tw_de_____share_shot___.html]
[fast.com/de/index.html]
[fast.com/en/gb/share/____share_shot___.html]
[fast.com/assets/share/fb_en-GB_____share_shot___.html]
[fast.com/assets/share/tw_en-GB_____share_shot___.html]
[fast.com/en/gb/index.html]
[fast.com/es/es/share/____share_shot___.html]
[fast.com/assets/share/fb_es-ES_____share_shot___.html]
[fast.com/assets/share/tw_es-ES_____share_shot___.html]
[fast.com/es/es/index.html]
[fast.com/es/share/____share_shot___.html]
[fast.com/assets/share/fb_es_____share_shot___.html]
[fast.com/assets/share/tw_es_____share_shot___.html]
[fast.com/es/index.html]
[fast.com/fr/ca/share/____share_shot___.html]
[fast.com/assets/share/fb_fr-CA_____share_shot___.html]
[fast.com/assets/share/tw_fr-CA_____share_shot___.html]
[fast.com/fr/ca/index.html]
[fast.com/fr/share/____share_shot___.html]
[fast.com/assets/share/fb_fr_____share_shot___.html]
[fast.com/assets/share/tw_fr_____share_shot___.html]
[fast.com/fr/index.html]
[fast.com/it/share/____share_shot___.html]
[fast.com/assets/share/fb_it_____share_shot___.html]
[fast.com/assets/share/tw_it_____share_shot___.html]
[fast.com/it/index.html]
[fast.com/nl/share/____share_shot___.html]
[fast.com/assets/share/fb_nl_____share_shot___.html]
[fast.com/assets/share/tw_nl_____share_shot___.html]
[fast.com/nl/index.html]
[fast.com/nb/share/____share_shot___.html]
[fast.com/assets/share/fb_nb_____share_shot___.html]
[fast.com/assets/share/tw_nb_____share_shot___.html]
[fast.com/nb/index.html]
[fast.com/pl/share/____share_shot___.html]
[fast.com/assets/share/fb_pl_____share_shot___.html]
[fast.com/assets/share/tw_pl_____share_shot___.html]
[fast.com/pl/index.html]
[fast.com/pt/share/____share_shot___.html]
[fast.com/assets/share/fb_pt_____share_shot___.html]
[fast.com/assets/share/tw_pt_____share_shot___.html]
[fast.com/pt/index.html]
[fast.com/pt/pt/share/____share_shot___.html]
[fast.com/assets/share/fb_pt-PT_____share_shot___.html]
[fast.com/assets/share/tw_pt-PT_____share_shot___.html]
[fast.com/pt/pt/index.html]
[fast.com/ro/share/____share_shot___.html]
[fast.com/assets/share/fb_ro_____share_shot___.html]
[fast.com/assets/share/tw_ro_____share_shot___.html]
[fast.com/ro/index.html]
[fast.com/fi/share/____share_shot___.html]
[fast.com/assets/share/fb_fi_____share_shot___.html]
[fast.com/assets/share/tw_fi_____share_shot___.html]
[fast.com/fi/index.html]
[fast.com/sv/share/____share_shot___.html]
[fast.com/assets/share/fb_sv_____share_shot___.html]
[fast.com/assets/share/tw_sv_____share_shot___.html]
[fast.com/sv/index.html]
[fast.com/tr/share/____share_shot___.html]
[fast.com/assets/share/fb_tr_____share_shot___.html]
[fast.com/assets/share/tw_tr_____share_shot___.html]
[fast.com/tr/index.html]
[fast.com/el/share/____share_shot___.html]
[fast.com/assets/share/fb_el_____share_shot___.html]
[fast.com/assets/share/tw_el_____share_shot___.html]
[fast.com/el/index.html]
[fast.com/he/share/____share_shot___.html]
[fast.com/assets/share/fb_he_____share_shot___.html]
[fast.com/assets/share/tw_he_____share_shot___.html]
[fast.com/he/index.html]
[fast.com/ar/share/____share_shot___.html]
[fast.com/assets/share/fb_ar_____share_shot___.html]
[fast.com/assets/share/tw_ar_____share_shot___.html]
[fast.com/ar/index.html]
[fast.com/th/share/____share_shot___.html]
[fast.com/assets/share/fb_th_____share_shot___.html]
[fast.com/assets/share/tw_th_____share_shot___.html]
[fast.com/th/index.html]
[fast.com/zh/cn/share/____share_shot___.html]
[fast.com/assets/share/fb_zh-CN_____share_shot___.html]
[fast.com/assets/share/tw_zh-CN_____share_shot___.html]
[fast.com/zh/cn/index.html]
[fast.com/zh/tw/share/____share_shot___.html]
[fast.com/assets/share/fb_zh-TW_____share_shot___.html]
[fast.com/assets/share/tw_zh-TW_____share_shot___.html]
[fast.com/zh/tw/index.html]
[fast.com/ja/share/____share_shot___.html]
[fast.com/assets/share/fb_ja_____share_shot___.html]
[fast.com/assets/share/tw_ja_____share_shot___.html]
[fast.com/ja/index.html]
[fast.com/ko/share/____share_shot___.html]
[fast.com/assets/share/fb_ko_____share_shot___.html]
[fast.com/assets/share/tw_ko_____share_shot___.html]
[fast.com/ko/index.html]
[fast.com/assets/new-logo-vert-fit-f0bf05.png]
[fast.com/assets/new-logo-vert-37861c.svg]
[fast.com/assets/poweredby-fit-4f0259.png]
[fast.com/assets/poweredby-865a3b.svg]
[fast.com/app-809f4b.css]
[fast.com/assets/fonts/fonts/oc-webfontdef1.eot]
[fast.com/assets/fonts/fonts/oc-webfontdef1.ttf]
[fast.com/assets/fonts/fonts/oc-webfontdef1.woff]
[fast.com/assets/fonts/fonts/oc-webfontdef1.svg]
[fast.com/assets/fonts/oc-webfont.min.css]
[fast.com/app.html]
[fast.com/share/____share_shot___.html]
[fast.com/assets/share/fb_en_____share_shot___.html]
[fast.com/assets/share/tw_en_____share_shot___.html]
[fast.com/id/share/____share_shot___.html]
[fast.com/assets/share/fb_id_____share_shot___.html]
[fast.com/assets/share/tw_id_____share_shot___.html]
[fast.com/da/share/____share_shot___.html]
[fast.com/assets/share/fb_da_____share_shot___.html]
[fast.com/assets/share/tw_da_____share_shot___.html]
[fast.com/de/share/____share_shot___.html]
[fast.com/assets/share/fb_de_____share_shot___.html]
[fast.com/assets/share/tw_de_____share_shot___.html]
[fast.com/en/gb/share/____share_shot___.html]
[fast.com/assets/share/fb_en-GB_____share_shot___.html]
[fast.com/assets/share/tw_en-GB_____share_shot___.html]
[fast.com/es/es/share/____share_shot___.html]
[fast.com/assets/share/fb_es-ES_____share_shot___.html]
[fast.com/assets/share/tw_es-ES_____share_shot___.html]
[fast.com/es/share/____share_shot___.html]
[fast.com/assets/share/fb_es_____share_shot___.html]
[fast.com/assets/share/tw_es_____share_shot___.html]
[fast.com/fr/ca/share/____share_shot___.html]
[fast.com/assets/share/fb_fr-CA_____share_shot___.html]
[fast.com/assets/share/tw_fr-CA_____share_shot___.html]
[fast.com/fr/share/____share_shot___.html]
[fast.com/assets/share/fb_fr_____share_shot___.html]
[fast.com/assets/share/tw_fr_____share_shot___.html]
[fast.com/it/share/____share_shot___.html]
[fast.com/assets/share/fb_it_____share_shot___.html]
[fast.com/assets/share/tw_it_____share_shot___.html]
[fast.com/nl/share/____share_shot___.html]
[fast.com/assets/share/fb_nl_____share_shot___.html]
[fast.com/assets/share/tw_nl_____share_shot___.html]
[fast.com/nb/share/____share_shot___.html]
[fast.com/assets/share/fb_nb_____share_shot___.html]
[fast.com/assets/share/tw_nb_____share_shot___.html]
[fast.com/pl/share/____share_shot___.html]
[fast.com/assets/share/fb_pl_____share_shot___.html]
[fast.com/assets/share/tw_pl_____share_shot___.html]
[fast.com/pt/share/____share_shot___.html]
[fast.com/assets/share/fb_pt_____share_shot___.html]
[fast.com/assets/share/tw_pt_____share_shot___.html]
[fast.com/pt/pt/share/____share_shot___.html]
[fast.com/assets/share/fb_pt-PT_____share_shot___.html]
[fast.com/assets/share/tw_pt-PT_____share_shot___.html]
[fast.com/ro/share/____share_shot___.html]
[fast.com/assets/share/fb_ro_____share_shot___.html]
[fast.com/assets/share/tw_ro_____share_shot___.html]
[fast.com/fi/share/____share_shot___.html]
[fast.com/assets/share/fb_fi_____share_shot___.html]
[fast.com/assets/share/tw_fi_____share_shot___.html]
[fast.com/sv/share/____share_shot___.html]
[fast.com/assets/share/fb_sv_____share_shot___.html]
[fast.com/assets/share/tw_sv_____share_shot___.html]
[fast.com/tr/share/____share_shot___.html]
[fast.com/assets/share/fb_tr_____share_shot___.html]
[fast.com/assets/share/tw_tr_____share_shot___.html]
[fast.com/el/share/____share_shot___.html]
[fast.com/assets/share/fb_el_____share_shot___.html]
[fast.com/assets/share/tw_el_____share_shot___.html]
[fast.com/he/share/____share_shot___.html]
[fast.com/assets/share/fb_he_____share_shot___.html]
[fast.com/assets/share/tw_he_____share_shot___.html]
[fast.com/ar/share/____share_shot___.html]
[fast.com/assets/share/fb_ar_____share_shot___.html]
[fast.com/assets/share/tw_ar_____share_shot___.html]
[fast.com/th/share/____share_shot___.html]
[fast.com/assets/share/fb_th_____share_shot___.html]
[fast.com/assets/share/tw_th_____share_shot___.html]
[fast.com/zh/cn/share/____share_shot___.html]
[fast.com/assets/share/fb_zh-CN_____share_shot___.html]
[fast.com/assets/share/tw_zh-CN_____share_shot___.html]
[fast.com/zh/tw/share/____share_shot___.html]
[fast.com/assets/share/fb_zh-TW_____share_shot___.html]
[fast.com/assets/share/tw_zh-TW_____share_shot___.html]
[fast.com/ja/share/____share_shot___.html]
[fast.com/assets/share/fb_ja_____share_shot___.html]
[fast.com/assets/share/tw_ja_____share_shot___.html]
[fast.com/ko/share/____share_shot___.html]
[fast.com/assets/share/fb_ko_____share_shot___.html]
[fast.com/assets/share/tw_ko_____share_shot___.html]
[fast.com/assets/new-logo-vert-37861c.svg]
[fast.com/assets/poweredby-865a3b.svg]
[fast.com/assets/fonts/fonts/oc-webfontdef1.svg]
[fast.com/app.html]
